<?xml version="1.0" encoding="UTF-8"?>
<testsuites name="jest tests" tests="4" failures="0" errors="0" time="3.709">
  <testsuite name="TerraformController" errors="0" failures="0" skipped="0" timestamp="2024-07-22T15:42:34" time="3.584" tests="4">
    <testcase classname="TerraformController generateTerraformCode should return a successful response with generated terraform code" name="TerraformController generateTerraformCode should return a successful response with generated terraform code" time="0.01">
    </testcase>
    <testcase classname="TerraformController generateTerraformCode should throw an HttpException on error" name="TerraformController generateTerraformCode should throw an HttpException on error" time="0.008">
    </testcase>
    <testcase classname="TerraformController terraformInfrastuctureCost should return a successful response with terraform cost" name="TerraformController terraformInfrastuctureCost should return a successful response with terraform cost" time="0.002">
    </testcase>
    <testcase classname="TerraformController terraformInfrastuctureCost should throw an HttpException on error" name="TerraformController terraformInfrastuctureCost should throw an HttpException on error" time="0.002">
    </testcase>
  </testsuite>
</testsuites>